// Jest Snapshot v1, https://goo.gl/fbAQLP

exports[`<Button /> should render the medium size by default 1`] = `
<button
  class="sc-bczRLJ kEopSO"
  color="black"
>
  <span>
    Buy now
  </span>
</button>
`
